../Core/Src/main.cpp:97:5:int main()	8	static
../Core/Src/main.cpp:149:6:void SystemClock_Config()	72	static
../Core/Src/main.cpp:189:13:void MX_IWDG_Init()	8	static
../Core/Src/main.cpp:217:13:void MX_SPI1_Init()	8	static
../Core/Src/main.cpp:254:13:void MX_TIM2_Init()	32	static
../Core/Src/main.cpp:299:13:void MX_USART1_UART_Init()	8	static
../Core/Src/main.cpp:332:13:void MX_GPIO_Init()	40	static
../Core/Src/main.cpp:380:16:uint8_t crc8(uint8_t*, uint8_t)	24	static
../Core/Src/main.cpp:388:6:void HAL_SPI_TxRxCpltCallback(SPI_HandleTypeDef*)	112	static
../Core/Src/main.cpp:411:6:void HAL_TIM_PeriodElapsedCallback(TIM_HandleTypeDef*)	16	static
../Core/Src/main.cpp:429:6:void Error_Handler()	4	static,ignoring_inline_asm
