../Core/Src/main.cpp:103:5:int main()	32	static
../Core/Src/main.cpp:185:6:void SystemClock_Config()	72	static
../Core/Src/main.cpp:225:13:void MX_IWDG_Init()	8	static
../Core/Src/main.cpp:253:13:void MX_SPI1_Init()	8	static
../Core/Src/main.cpp:290:13:void MX_TIM1_Init()	32	static
../Core/Src/main.cpp:336:13:void MX_TIM2_Init()	32	static
../Core/Src/main.cpp:381:13:void MX_USART1_UART_Init()	8	static
../Core/Src/main.cpp:414:13:void MX_GPIO_Init()	32	static
../Core/Src/main.cpp:451:16:uint8_t crc8(uint8_t*, uint8_t)	24	static
../Core/Src/main.cpp:459:13:void update_spi_tx_buf()	24	static
../Core/Src/main.cpp:479:6:void HAL_SPI_TxRxCpltCallback(SPI_HandleTypeDef*)	24	static
../Core/Src/main.cpp:503:6:void HAL_TIM_PeriodElapsedCallback(TIM_HandleTypeDef*)	16	static
../Core/Src/main.cpp:521:6:void Error_Handler()	4	static,ignoring_inline_asm
../Core/Src/main.cpp:530:1:void __static_initialization_and_destruction_0()	8	static
../Core/Src/main.cpp:530:1:cpp)	8	static
